// Jest Snapshot v1, https://goo.gl/fbAQLP

exports[`Button Should render 1`] = `
<button
  className="button"
>
  Push Me
</button>
`;
